// Jest Snapshot v1, https://goo.gl/fbAQLP

exports[`<Unit Test> Players Provider should subscribe to the players from the store, and map the players to an array it as a value 1`] = `
<div>
  <div>
    [{"hand":[{"hidden":true,"suit":2,"value":7},{"hidden":true,"suit":3,"value":8},{"hidden":true,"suit":1,"value":11},{"hidden":true,"suit":2,"value":0}],"id":"nez","isHost":true,"name":"frank","score":10000,"declaration":[],"voteSubmitted":0}]
  </div>
</div>
`;
